// Vitest Snapshot v1, https://vitest.dev/guide/snapshot.html

exports[`スナップショット > berry のトークンが意図せず変わっていない 1`] = `
{
  "cssVars": {
    "--accent": "#b54076",
    "--accent-hover": "#a43068",
    "--accent-light": "#ffdde9",
    "--accent-secondary": "#a12d65",
    "--bg": "#fcf4f8",
    "--bg-card": "#fffdfe",
    "--bg-hover": "#f4eaee",
    "--bg-tag": "#f4eaee",
    "--border": "#e7dfe2",
    "--border-light": "#f3ecef",
    "--glass-bg": "#fffdfe",
    "--glass-border": "#e7dfe2",
    "--sc-accent": "336 31.3% 93.7%",
    "--sc-accent-foreground": "332.7 19.3% 11.2%",
    "--sc-background": "330 57.1% 97.3%",
    "--sc-border": "337.5 14.3% 89%",
    "--sc-card": "330 100% 99.6%",
    "--sc-card-foreground": "332.7 19.3% 11.2%",
    "--sc-destructive": "0 84.2% 60.2%",
    "--sc-destructive-foreground": "0 0% 98%",
    "--sc-foreground": "332.7 19.3% 11.2%",
    "--sc-input": "337.5 14.3% 89%",
    "--sc-muted": "336 31.3% 93.7%",
    "--sc-muted-foreground": "332.3 8.2% 31.2%",
    "--sc-popover": "330 100% 99.6%",
    "--sc-popover-foreground": "332.7 19.3% 11.2%",
    "--sc-primary": "332.3 47.8% 48%",
    "--sc-primary-foreground": "0 0% 100%",
    "--sc-ring": "332.3 47.8% 48%",
    "--sc-secondary": "336 31.3% 93.7%",
    "--sc-secondary-foreground": "332.7 19.3% 11.2%",
    "--text-muted": "#796e73",
    "--text-on-accent": "#ffffff",
    "--text-primary": "#22171c",
    "--text-secondary": "#56494f",
    "--today": "#b54076",
    "--today-light": "#ffdde9",
  },
  "juiceColors": {
    "blueberry": "#0080ca",
    "cassis": "#ad51a7",
    "grape": "#7b65d1",
    "grapefruit": "#c4530f",
    "kiwi": "#009253",
    "lemon": "#8b7b00",
    "muscat": "#678800",
    "orange": "#ae6700",
    "peach": "#c4486d",
    "strawberry": "#c74b47",
  },
}
`;

exports[`スナップショット > cassis のトークンが意図せず変わっていない 1`] = `
{
  "cssVars": {
    "--accent": "#cba6e8",
    "--accent-hover": "#dbb5f8",
    "--accent-light": "#352641",
    "--accent-secondary": "#bb96d7",
    "--bg": "#120a14",
    "--bg-card": "#1e1420",
    "--bg-hover": "#2b1f2d",
    "--bg-tag": "#2b1f2d",
    "--border": "#302432",
    "--border-light": "#221924",
    "--glass-bg": "#1e1420",
    "--glass-border": "#302432",
    "--sc-accent": "291.4 18.4% 14.9%",
    "--sc-accent-foreground": "290 25% 95.3%",
    "--sc-background": "288 33.3% 5.9%",
    "--sc-border": "291.4 16.3% 16.9%",
    "--sc-card": "290 23.1% 10.2%",
    "--sc-card-foreground": "290 25% 95.3%",
    "--sc-destructive": "0 62.8% 30.6%",
    "--sc-destructive-foreground": "0 0% 98%",
    "--sc-foreground": "290 25% 95.3%",
    "--sc-input": "291.4 16.3% 16.9%",
    "--sc-muted": "291.4 18.4% 14.9%",
    "--sc-muted-foreground": "285 6.8% 65.5%",
    "--sc-popover": "290 23.1% 10.2%",
    "--sc-popover-foreground": "290 25% 95.3%",
    "--sc-primary": "273.6 58.9% 78%",
    "--sc-primary-foreground": "294 26.3% 7.5%",
    "--sc-ring": "273.6 58.9% 78%",
    "--sc-secondary": "291.4 18.4% 14.9%",
    "--sc-secondary-foreground": "290 25% 95.3%",
    "--shadow-elevated": "0 10px 30px rgba(0, 0, 0, 0.5)",
    "--shadow-glass": "0 1px 3px rgba(0, 0, 0, 0.4)",
    "--text-muted": "#807782",
    "--text-on-accent": "#170e18",
    "--text-primary": "#f5f0f6",
    "--text-secondary": "#aaa1ad",
    "--today": "#cba6e8",
    "--today-light": "#352641",
  },
  "juiceColors": {
    "blueberry": "#6dabdf",
    "cassis": "#c88ec3",
    "grape": "#a39adf",
    "grapefruit": "#d9906f",
    "kiwi": "#6fb789",
    "lemon": "#b3a659",
    "muscat": "#96b069",
    "orange": "#d0975f",
    "peach": "#da8a9c",
    "strawberry": "#dc8c85",
  },
}
`;

exports[`スナップショット > espresso のトークンが意図せず変わっていない 1`] = `
{
  "cssVars": {
    "--accent": "#ddae77",
    "--accent-hover": "#edbd86",
    "--accent-light": "#3c2a13",
    "--accent-secondary": "#cc9e68",
    "--bg": "#120c07",
    "--bg-card": "#1e1711",
    "--bg-hover": "#2b221b",
    "--bg-tag": "#2b221b",
    "--border": "#302720",
    "--border-light": "#221b16",
    "--glass-bg": "#1e1711",
    "--glass-border": "#302720",
    "--sc-accent": "26.2 22.9% 13.7%",
    "--sc-accent-foreground": "25 42.9% 94.5%",
    "--sc-background": "27.3 44% 4.9%",
    "--sc-border": "26.3 20% 15.7%",
    "--sc-card": "27.7 27.7% 9.2%",
    "--sc-card-foreground": "25 42.9% 94.5%",
    "--sc-destructive": "0 62.8% 30.6%",
    "--sc-destructive-foreground": "0 0% 98%",
    "--sc-foreground": "25 42.9% 94.5%",
    "--sc-input": "26.3 20% 15.7%",
    "--sc-muted": "26.2 22.9% 13.7%",
    "--sc-muted-foreground": "28.2 9.3% 64.1%",
    "--sc-popover": "27.7 27.7% 9.2%",
    "--sc-popover-foreground": "25 42.9% 94.5%",
    "--sc-primary": "32.4 60% 66.7%",
    "--sc-primary-foreground": "25 35.3% 6.7%",
    "--sc-ring": "32.4 60% 66.7%",
    "--sc-secondary": "26.2 22.9% 13.7%",
    "--sc-secondary-foreground": "25 42.9% 94.5%",
    "--shadow-elevated": "0 10px 30px rgba(0, 0, 0, 0.5)",
    "--shadow-glass": "0 1px 3px rgba(0, 0, 0, 0.4)",
    "--text-muted": "#817872",
    "--text-on-accent": "#17100b",
    "--text-primary": "#f7f0eb",
    "--text-secondary": "#aca39b",
    "--today": "#ddae77",
    "--today-light": "#3c2a13",
  },
  "juiceColors": {
    "blueberry": "#6dabdf",
    "cassis": "#c88ec3",
    "grape": "#a39adf",
    "grapefruit": "#d9906f",
    "kiwi": "#6fb789",
    "lemon": "#b3a659",
    "muscat": "#96b069",
    "orange": "#d0975f",
    "peach": "#da8a9c",
    "strawberry": "#dc8c85",
  },
}
`;

exports[`スナップショット > grape のトークンが意図せず変わっていない 1`] = `
{
  "cssVars": {
    "--accent": "#5255b6",
    "--accent-hover": "#4546a6",
    "--accent-light": "#e2e6ff",
    "--accent-secondary": "#4343a2",
    "--bg": "#f6f6ff",
    "--bg-card": "#fdfdff",
    "--bg-hover": "#ebecf6",
    "--bg-tag": "#ebecf6",
    "--border": "#e0e0e9",
    "--border-light": "#edeef5",
    "--glass-bg": "#fdfdff",
    "--glass-border": "#e0e0e9",
    "--sc-accent": "234.5 37.9% 94.3%",
    "--sc-accent-foreground": "240 19.4% 12.2%",
    "--sc-background": "240 100% 98.2%",
    "--sc-border": "240 17% 89.6%",
    "--sc-card": "240 100% 99.6%",
    "--sc-card-foreground": "240 19.4% 12.2%",
    "--sc-destructive": "0 84.2% 60.2%",
    "--sc-destructive-foreground": "0 0% 98%",
    "--sc-foreground": "240 19.4% 12.2%",
    "--sc-input": "240 17% 89.6%",
    "--sc-muted": "234.5 37.9% 94.3%",
    "--sc-muted-foreground": "240 9.1% 32.4%",
    "--sc-popover": "240 100% 99.6%",
    "--sc-popover-foreground": "240 19.4% 12.2%",
    "--sc-primary": "238.2 40.7% 51.8%",
    "--sc-primary-foreground": "0 0% 100%",
    "--sc-ring": "238.2 40.7% 51.8%",
    "--sc-secondary": "234.5 37.9% 94.3%",
    "--sc-secondary-foreground": "240 19.4% 12.2%",
    "--text-muted": "#70707c",
    "--text-on-accent": "#ffffff",
    "--text-primary": "#191925",
    "--text-secondary": "#4b4b5a",
    "--today": "#5255b6",
    "--today-light": "#e2e6ff",
  },
  "juiceColors": {
    "blueberry": "#4280b2",
    "cassis": "#9c6496",
    "grape": "#7a6fb1",
    "grapefruit": "#ab6646",
    "kiwi": "#438c60",
    "lemon": "#887b2c",
    "muscat": "#6d853f",
    "orange": "#a36d34",
    "peach": "#ab6072",
    "strawberry": "#ae615c",
  },
}
`;

exports[`スナップショット > graphite のトークンが意図せず変わっていない 1`] = `
{
  "cssVars": {
    "--accent": "#e4e4e8",
    "--accent-hover": "#f5f5f8",
    "--accent-light": "#2e2e2f",
    "--accent-secondary": "#d4d4d7",
    "--bg": "#0d0d0f",
    "--bg-card": "#18181a",
    "--bg-hover": "#242426",
    "--bg-tag": "#242426",
    "--border": "#29292b",
    "--border-light": "#1d1d1f",
    "--glass-bg": "#18181a",
    "--glass-border": "#29292b",
    "--sc-accent": "240 2.7% 14.5%",
    "--sc-accent-foreground": "240 12% 95.1%",
    "--sc-background": "240 7.1% 5.5%",
    "--sc-border": "240 2.4% 16.5%",
    "--sc-card": "240 4% 9.8%",
    "--sc-card-foreground": "240 12% 95.1%",
    "--sc-destructive": "0 62.8% 30.6%",
    "--sc-destructive-foreground": "0 0% 98%",
    "--sc-foreground": "240 12% 95.1%",
    "--sc-input": "240 2.4% 16.5%",
    "--sc-muted": "240 2.7% 14.5%",
    "--sc-muted-foreground": "240 1.7% 64.9%",
    "--sc-popover": "240 4% 9.8%",
    "--sc-popover-foreground": "240 12% 95.1%",
    "--sc-primary": "240 8% 90.2%",
    "--sc-primary-foreground": "240 5.6% 7.1%",
    "--sc-ring": "240 8% 90.2%",
    "--sc-secondary": "240 2.7% 14.5%",
    "--sc-secondary-foreground": "240 12% 95.1%",
    "--shadow-elevated": "0 10px 30px rgba(0, 0, 0, 0.5)",
    "--shadow-glass": "0 1px 3px rgba(0, 0, 0, 0.4)",
    "--text-muted": "#7a7a7d",
    "--text-on-accent": "#111113",
    "--text-primary": "#f1f1f4",
    "--text-secondary": "#a4a4a7",
    "--today": "#e4e4e8",
    "--today-light": "#2e2e2f",
  },
  "juiceColors": {
    "blueberry": "#6dabdf",
    "cassis": "#c88ec3",
    "grape": "#a39adf",
    "grapefruit": "#d9906f",
    "kiwi": "#6fb789",
    "lemon": "#b3a659",
    "muscat": "#96b069",
    "orange": "#d0975f",
    "peach": "#da8a9c",
    "strawberry": "#dc8c85",
  },
}
`;

exports[`スナップショット > mandarin のトークンが意図せず変わっていない 1`] = `
{
  "cssVars": {
    "--accent": "#ac5700",
    "--accent-hover": "#974c00",
    "--accent-light": "#ffe1ce",
    "--accent-secondary": "#934a00",
    "--bg": "#fdf6ec",
    "--bg-card": "#fffdfb",
    "--bg-hover": "#f4ebe0",
    "--bg-tag": "#f4ebe0",
    "--border": "#e7e0d7",
    "--border-light": "#f3ede6",
    "--glass-bg": "#fffdfb",
    "--glass-border": "#e7e0d7",
    "--sc-accent": "33 47.6% 91.8%",
    "--sc-accent-foreground": "36 55.6% 8.8%",
    "--sc-background": "35.3 81% 95.9%",
    "--sc-border": "33.7 25% 87.5%",
    "--sc-card": "30 100% 99.2%",
    "--sc-card-foreground": "36 55.6% 8.8%",
    "--sc-destructive": "0 84.2% 60.2%",
    "--sc-destructive-foreground": "0 0% 98%",
    "--sc-foreground": "36 55.6% 8.8%",
    "--sc-input": "33.7 25% 87.5%",
    "--sc-muted": "33 47.6% 91.8%",
    "--sc-muted-foreground": "34.3 19.2% 28.6%",
    "--sc-popover": "30 100% 99.2%",
    "--sc-popover-foreground": "36 55.6% 8.8%",
    "--sc-primary": "30.3 100% 33.7%",
    "--sc-primary-foreground": "0 0% 100%",
    "--sc-ring": "30.3 100% 33.7%",
    "--sc-secondary": "33 47.6% 91.8%",
    "--sc-secondary-foreground": "36 55.6% 8.8%",
    "--text-muted": "#797063",
    "--text-on-accent": "#ffffff",
    "--text-primary": "#23190a",
    "--text-secondary": "#574b3b",
    "--today": "#ac5700",
    "--today-light": "#ffe1ce",
  },
  "juiceColors": {
    "blueberry": "#0080ca",
    "cassis": "#ad51a7",
    "grape": "#7b65d1",
    "grapefruit": "#c4530f",
    "kiwi": "#009253",
    "lemon": "#8b7b00",
    "muscat": "#678800",
    "orange": "#ae6700",
    "peach": "#c4486d",
    "strawberry": "#c74b47",
  },
}
`;

exports[`スナップショット > matcha のトークンが意図せず変わっていない 1`] = `
{
  "cssVars": {
    "--accent": "#4c6f38",
    "--accent-hover": "#3f602a",
    "--accent-light": "#dfedd8",
    "--accent-secondary": "#3c5d27",
    "--bg": "#f4f9f0",
    "--bg-card": "#fcfefb",
    "--bg-hover": "#eaefe5",
    "--bg-tag": "#eaefe5",
    "--border": "#dfe3db",
    "--border-light": "#ecf0e9",
    "--glass-bg": "#fcfefb",
    "--glass-border": "#dfe3db",
    "--sc-accent": "90 23.8% 91.8%",
    "--sc-accent-foreground": "90 26.1% 9%",
    "--sc-background": "93.3 42.9% 95.9%",
    "--sc-border": "90 12.5% 87.5%",
    "--sc-card": "100 60% 99%",
    "--sc-card-foreground": "90 26.1% 9%",
    "--sc-destructive": "0 84.2% 60.2%",
    "--sc-destructive-foreground": "0 0% 98%",
    "--sc-foreground": "90 26.1% 9%",
    "--sc-input": "90 12.5% 87.5%",
    "--sc-muted": "90 23.8% 91.8%",
    "--sc-muted-foreground": "90 9.6% 28.6%",
    "--sc-popover": "100 60% 99%",
    "--sc-popover-foreground": "90 26.1% 9%",
    "--sc-primary": "98.2 32.9% 32.7%",
    "--sc-primary-foreground": "0 0% 100%",
    "--sc-ring": "98.2 32.9% 32.7%",
    "--sc-secondary": "90 23.8% 91.8%",
    "--sc-secondary-foreground": "90 26.1% 9%",
    "--text-muted": "#6e7469",
    "--text-on-accent": "#ffffff",
    "--text-primary": "#171d11",
    "--text-secondary": "#495042",
    "--today": "#4c6f38",
    "--today-light": "#dfedd8",
  },
  "juiceColors": {
    "blueberry": "#4280b2",
    "cassis": "#9c6496",
    "grape": "#7a6fb1",
    "grapefruit": "#ab6646",
    "kiwi": "#438c60",
    "lemon": "#887b2c",
    "muscat": "#6d853f",
    "orange": "#a36d34",
    "peach": "#ab6072",
    "strawberry": "#ae615c",
  },
}
`;

exports[`スナップショット > midnight のトークンが意図せず変わっていない 1`] = `
{
  "cssVars": {
    "--accent": "#98b7f8",
    "--accent-hover": "#adc7ff",
    "--accent-light": "#212d47",
    "--accent-secondary": "#89a7e7",
    "--bg": "#070d18",
    "--bg-card": "#111825",
    "--bg-hover": "#1b2433",
    "--bg-tag": "#1b2433",
    "--border": "#202938",
    "--border-light": "#161d29",
    "--glass-bg": "#111825",
    "--glass-border": "#202938",
    "--sc-accent": "217.5 30.8% 15.3%",
    "--sc-accent-foreground": "218.2 47.8% 95.5%",
    "--sc-background": "218.8 54.8% 6.1%",
    "--sc-border": "217.5 27.3% 17.3%",
    "--sc-card": "219 37% 10.6%",
    "--sc-card-foreground": "218.2 47.8% 95.5%",
    "--sc-destructive": "0 62.8% 30.6%",
    "--sc-destructive-foreground": "0 0% 98%",
    "--sc-foreground": "218.2 47.8% 95.5%",
    "--sc-input": "217.5 27.3% 17.3%",
    "--sc-muted": "217.5 30.8% 15.3%",
    "--sc-muted-foreground": "216 11.4% 65.5%",
    "--sc-popover": "219 37% 10.6%",
    "--sc-popover-foreground": "218.2 47.8% 95.5%",
    "--sc-primary": "220.6 87.3% 78.4%",
    "--sc-primary-foreground": "216.7 45% 7.8%",
    "--sc-ring": "220.6 87.3% 78.4%",
    "--sc-secondary": "217.5 30.8% 15.3%",
    "--sc-secondary-foreground": "218.2 47.8% 95.5%",
    "--shadow-elevated": "0 10px 30px rgba(0, 0, 0, 0.5)",
    "--shadow-glass": "0 1px 3px rgba(0, 0, 0, 0.4)",
    "--text-muted": "#737b87",
    "--text-on-accent": "#0b121d",
    "--text-primary": "#eef2f9",
    "--text-secondary": "#9da5b1",
    "--today": "#98b7f8",
    "--today-light": "#212d47",
  },
  "juiceColors": {
    "blueberry": "#6dabdf",
    "cassis": "#c88ec3",
    "grape": "#a39adf",
    "grapefruit": "#d9906f",
    "kiwi": "#6fb789",
    "lemon": "#b3a659",
    "muscat": "#96b069",
    "orange": "#d0975f",
    "peach": "#da8a9c",
    "strawberry": "#dc8c85",
  },
}
`;

exports[`スナップショット > milk のトークンが意図せず変わっていない 1`] = `
{
  "cssVars": {
    "--accent": "#212124",
    "--accent-hover": "#161618",
    "--accent-light": "#e8e8e9",
    "--accent-secondary": "#131316",
    "--bg": "#f6f6f8",
    "--bg-card": "#fdfdfe",
    "--bg-hover": "#ececee",
    "--bg-tag": "#ececee",
    "--border": "#e1e1e2",
    "--border-light": "#eeeeef",
    "--glass-bg": "#fdfdfe",
    "--glass-border": "#e1e1e2",
    "--sc-accent": "240 5.6% 92.9%",
    "--sc-accent-foreground": "240 3.7% 10.6%",
    "--sc-background": "240 12.5% 96.9%",
    "--sc-border": "240 1.7% 88.4%",
    "--sc-card": "240 33.3% 99.4%",
    "--sc-card-foreground": "240 3.7% 10.6%",
    "--sc-destructive": "0 84.2% 60.2%",
    "--sc-destructive-foreground": "0 0% 98%",
    "--sc-foreground": "240 3.7% 10.6%",
    "--sc-input": "240 1.7% 88.4%",
    "--sc-muted": "240 5.6% 92.9%",
    "--sc-muted-foreground": "240 1.3% 30.6%",
    "--sc-popover": "240 33.3% 99.4%",
    "--sc-popover-foreground": "240 3.7% 10.6%",
    "--sc-primary": "240 4.3% 13.5%",
    "--sc-primary-foreground": "0 0% 100%",
    "--sc-ring": "240 4.3% 13.5%",
    "--sc-secondary": "240 5.6% 92.9%",
    "--sc-secondary-foreground": "240 3.7% 10.6%",
    "--text-muted": "#717173",
    "--text-on-accent": "#ffffff",
    "--text-primary": "#1a1a1c",
    "--text-secondary": "#4d4d4f",
    "--today": "#212124",
    "--today-light": "#e8e8e9",
  },
  "juiceColors": {
    "blueberry": "#4280b2",
    "cassis": "#9c6496",
    "grape": "#7a6fb1",
    "grapefruit": "#ab6646",
    "kiwi": "#438c60",
    "lemon": "#887b2c",
    "muscat": "#6d853f",
    "orange": "#a36d34",
    "peach": "#ab6072",
    "strawberry": "#ae615c",
  },
}
`;

exports[`スナップショット > oatmilk のトークンが意図せず変わっていない 1`] = `
{
  "cssVars": {
    "--accent": "#a44c1d",
    "--accent-hover": "#933d08",
    "--accent-light": "#ffe1d3",
    "--accent-secondary": "#903a03",
    "--bg": "#fbf6ee",
    "--bg-card": "#fffdfa",
    "--bg-hover": "#f2ece2",
    "--bg-tag": "#f2ece2",
    "--border": "#e5e1d9",
    "--border-light": "#f2eee7",
    "--glass-bg": "#fffdfa",
    "--glass-border": "#e5e1d9",
    "--sc-accent": "37.5 38.1% 91.8%",
    "--sc-accent-foreground": "37.9 42.2% 8.8%",
    "--sc-background": "36.9 61.9% 95.9%",
    "--sc-border": "40 18.8% 87.5%",
    "--sc-card": "36 100% 99%",
    "--sc-card-foreground": "37.9 42.2% 8.8%",
    "--sc-destructive": "0 84.2% 60.2%",
    "--sc-destructive-foreground": "0 0% 98%",
    "--sc-foreground": "37.9 42.2% 8.8%",
    "--sc-input": "40 18.8% 87.5%",
    "--sc-muted": "37.5 38.1% 91.8%",
    "--sc-muted-foreground": "38.2 15.1% 28.6%",
    "--sc-popover": "36 100% 99%",
    "--sc-popover-foreground": "37.9 42.2% 8.8%",
    "--sc-primary": "20.9 69.9% 37.8%",
    "--sc-primary-foreground": "0 0% 100%",
    "--sc-ring": "20.9 69.9% 37.8%",
    "--sc-secondary": "37.5 38.1% 91.8%",
    "--sc-secondary-foreground": "37.9 42.2% 8.8%",
    "--text-muted": "#777166",
    "--text-on-accent": "#ffffff",
    "--text-primary": "#20190d",
    "--text-secondary": "#544c3e",
    "--today": "#a44c1d",
    "--today-light": "#ffe1d3",
  },
  "juiceColors": {
    "blueberry": "#4280b2",
    "cassis": "#9c6496",
    "grape": "#7a6fb1",
    "grapefruit": "#ab6646",
    "kiwi": "#438c60",
    "lemon": "#887b2c",
    "muscat": "#6d853f",
    "orange": "#a36d34",
    "peach": "#ab6072",
    "strawberry": "#ae615c",
  },
}
`;

exports[`スナップショット > soda のトークンが意図せず変わっていない 1`] = `
{
  "cssVars": {
    "--accent": "#196ea9",
    "--accent-hover": "#005f98",
    "--accent-light": "#d5ebff",
    "--accent-secondary": "#005c94",
    "--bg": "#f0f8fe",
    "--bg-card": "#fcfeff",
    "--bg-hover": "#e5eef6",
    "--bg-tag": "#e5eef6",
    "--border": "#dae3e9",
    "--border-light": "#e9eff4",
    "--glass-bg": "#fcfeff",
    "--glass-border": "#dae3e9",
    "--sc-accent": "208.2 48.6% 93.1%",
    "--sc-accent-foreground": "205.7 39.6% 10.4%",
    "--sc-background": "205.7 87.5% 96.9%",
    "--sc-border": "204 25.4% 88.4%",
    "--sc-card": "200 100% 99.4%",
    "--sc-card-foreground": "205.7 39.6% 10.4%",
    "--sc-destructive": "0 84.2% 60.2%",
    "--sc-destructive-foreground": "0 0% 98%",
    "--sc-foreground": "205.7 39.6% 10.4%",
    "--sc-input": "204 25.4% 88.4%",
    "--sc-muted": "208.2 48.6% 93.1%",
    "--sc-muted-foreground": "205 15.6% 30.2%",
    "--sc-popover": "200 100% 99.4%",
    "--sc-popover-foreground": "205.7 39.6% 10.4%",
    "--sc-primary": "204.6 74.2% 38%",
    "--sc-primary-foreground": "0 0% 100%",
    "--sc-ring": "204.6 74.2% 38%",
    "--sc-secondary": "208.2 48.6% 93.1%",
    "--sc-secondary-foreground": "205.7 39.6% 10.4%",
    "--text-muted": "#68737b",
    "--text-on-accent": "#ffffff",
    "--text-primary": "#101c25",
    "--text-secondary": "#414f59",
    "--today": "#196ea9",
    "--today-light": "#d5ebff",
  },
  "juiceColors": {
    "blueberry": "#4280b2",
    "cassis": "#9c6496",
    "grape": "#7a6fb1",
    "grapefruit": "#ab6646",
    "kiwi": "#438c60",
    "lemon": "#887b2c",
    "muscat": "#6d853f",
    "orange": "#a36d34",
    "peach": "#ab6072",
    "strawberry": "#ae615c",
  },
}
`;
